###############################################################################
#
# IAR ELF Linker V8.30.1.114/W32 for ARM                  09/Jan/2019  11:13:43
# Copyright 2007-2018 IAR Systems AB.
#
#    Output file  =  F:\buadrate\A_Module\EWARM\ceshi\Exe\ceshi.out
#    Map file     =  F:\buadrate\A_Module\EWARM\ceshi\List\ceshi.map
#    Command line =  
#        -f C:\Users\45431\AppData\Local\Temp\EW4387.tmp
#        (F:\buadrate\A_Module\EWARM\ceshi\Obj\main.o
#        F:\buadrate\A_Module\EWARM\ceshi\Obj\module.o
#        F:\buadrate\A_Module\EWARM\ceshi\Obj\startup_stm32f103xe.o
#        F:\buadrate\A_Module\EWARM\ceshi\Obj\stm32f1xx_hal.o
#        F:\buadrate\A_Module\EWARM\ceshi\Obj\stm32f1xx_hal_cortex.o
#        F:\buadrate\A_Module\EWARM\ceshi\Obj\stm32f1xx_hal_dma.o
#        F:\buadrate\A_Module\EWARM\ceshi\Obj\stm32f1xx_hal_flash.o
#        F:\buadrate\A_Module\EWARM\ceshi\Obj\stm32f1xx_hal_flash_ex.o
#        F:\buadrate\A_Module\EWARM\ceshi\Obj\stm32f1xx_hal_gpio.o
#        F:\buadrate\A_Module\EWARM\ceshi\Obj\stm32f1xx_hal_gpio_ex.o
#        F:\buadrate\A_Module\EWARM\ceshi\Obj\stm32f1xx_hal_msp.o
#        F:\buadrate\A_Module\EWARM\ceshi\Obj\stm32f1xx_hal_pwr.o
#        F:\buadrate\A_Module\EWARM\ceshi\Obj\stm32f1xx_hal_rcc.o
#        F:\buadrate\A_Module\EWARM\ceshi\Obj\stm32f1xx_hal_rcc_ex.o
#        F:\buadrate\A_Module\EWARM\ceshi\Obj\stm32f1xx_hal_tim.o
#        F:\buadrate\A_Module\EWARM\ceshi\Obj\stm32f1xx_hal_tim_ex.o
#        F:\buadrate\A_Module\EWARM\ceshi\Obj\stm32f1xx_hal_uart.o
#        F:\buadrate\A_Module\EWARM\ceshi\Obj\stm32f1xx_it.o
#        F:\buadrate\A_Module\EWARM\ceshi\Obj\system_stm32f1xx.o
#        F:\buadrate\A_Module\EWARM\ceshi\Obj\tool.o --redirect
#        _Printf=_PrintfFull --redirect _Scanf=_ScanfFull --no_out_extension -o
#        F:\buadrate\A_Module\EWARM\ceshi\Exe\ceshi.out --map
#        F:\buadrate\A_Module\EWARM\ceshi\List\ceshi.map --config
#        F:\buadrate\A_Module\EWARM/stm32f103xe_flash.icf --semihosting --entry
#        __iar_program_start --vfe --text_out locale)
#
###############################################################################

*******************************************************************************
*** RUNTIME MODEL ATTRIBUTES
***

CppFlavor       = *
__SystemLibrary = DLib
__dlib_version  = 6


*******************************************************************************
*** HEAP SELECTION
***

The basic heap was selected because no calls to memory allocation
functions were found in the application outside of system library
functions, and there are calls to deallocation functions in the
application.


*******************************************************************************
*** PLACEMENT SUMMARY
***

"A0":  place at 0x800'0000 { ro section .intvec };
"P1":  place in [from 0x800'0000 to 0x807'ffff] { ro };
define block CSTACK with size = 1K, alignment = 8 { };
define block HEAP with size = 512, alignment = 8 { };
"P2":  place in [from 0x2000'0000 to 0x2000'ffff] {
          rw, block CSTACK, block HEAP };
initialize by copy { rw };

  Section            Kind         Address    Size  Object
  -------            ----         -------    ----  ------
"A0":                                       0x130
  .intvec            ro code   0x800'0000   0x130  startup_stm32f103xe.o [1]
                             - 0x800'0130   0x130

"P1":                                      0x2868
  .text              ro code   0x800'0130   0x770  stm32f1xx_hal_uart.o [1]
  .text              ro code   0x800'08a0   0x268  stm32f1xx_hal_msp.o [1]
  .text              ro code   0x800'0b08   0x72c  stm32f1xx_hal_dma.o [1]
  .text              ro code   0x800'1234     0x2  stm32f1xx_hal_uart.o [1]
  .text              ro code   0x800'1236     0x2  stm32f1xx_hal_uart.o [1]
  .text              ro code   0x800'1238     0x2  stm32f1xx_hal_uart.o [1]
  .text              ro code   0x800'123a     0x2  stm32f1xx_hal_uart.o [1]
  .text              ro code   0x800'123c   0x638  stm32f1xx_hal_rcc.o [1]
  .text              ro code   0x800'1874   0x170  stm32f1xx_hal_cortex.o [1]
  .text              ro code   0x800'19e4   0x2ac  stm32f1xx_hal_gpio.o [1]
  .text              ro code   0x800'1c90   0x39e  main.o [1]
  .text              ro code   0x800'202e    0x3a  zero_init3.o [3]
  .text              ro code   0x800'2068     0xc  stm32f1xx_hal.o [1]
  .text              ro code   0x800'2074    0x4c  stm32f1xx_hal.o [1]
  .text              ro code   0x800'20c0    0x86  ABImemcpy.o [3]
  .rodata            const     0x800'2146     0x2  stm32f1xx_hal_rcc.o [1]
  .text              ro code   0x800'2148    0x24  stm32f1xx_hal.o [1]
  .text              ro code   0x800'216c   0x1e8  module.o [1]
  .text              ro code   0x800'2354   0x2a8  stm32f1xx_hal_tim.o [1]
  .text              ro code   0x800'25fc    0x5c  stm32f1xx_hal_tim_ex.o [1]
  .text              ro code   0x800'2658     0x2  stm32f1xx_hal_tim.o [1]
  .text              ro code   0x800'265a     0x2  stm32f1xx_hal_tim.o [1]
  .text              ro code   0x800'265c     0x2  stm32f1xx_hal_tim.o [1]
  .text              ro code   0x800'265e     0x2  stm32f1xx_hal_tim_ex.o [1]
  .text              ro code   0x800'2660     0x2  stm32f1xx_hal_tim.o [1]
  .text              ro code   0x800'2662     0x2  stm32f1xx_hal_tim_ex.o [1]
  .text              ro code   0x800'2664    0x90  stm32f1xx_it.o [1]
  .text              ro code   0x800'26f4    0x18  stm32f1xx_hal.o [1]
  .text              ro code   0x800'270c    0x58  system_stm32f1xx.o [1]
  .rodata            const     0x800'2764    0x30  stm32f1xx_hal_msp.o [1]
  .text              ro code   0x800'2794    0x2c  copy_init3.o [3]
  .text              ro code   0x800'27c0    0x28  data_init.o [3]
  .iar.init_table    const     0x800'27e8    0x24  - Linker created -
  .rodata            const     0x800'280c    0x20  main.o [1]
  .text              ro code   0x800'282c    0x1e  cmain.o [3]
  .text              ro code   0x800'284a     0x4  low_level_init.o [2]
  .text              ro code   0x800'284e     0x4  exit.o [2]
  .text              ro code   0x800'2854     0xa  cexit.o [3]
  .text              ro code   0x800'2860    0x14  exit.o [4]
  .rodata            const     0x800'2874    0x10  stm32f1xx_hal_rcc.o [1]
  .rodata            const     0x800'2884    0x10  system_stm32f1xx.o [1]
  .text              ro code   0x800'2894    0x10  startup_stm32f103xe.o [1]
  .text              ro code   0x800'28a4     0xc  cstartup_M.o [3]
  Initializer bytes  const     0x800'28b0     0xc  <for P2-1>
  .rodata            const     0x800'28bc     0x8  system_stm32f1xx.o [1]
  .text              ro code   0x800'28c4     0x4  startup_stm32f103xe.o [1]
  .text              ro code   0x800'28c8     0x4  startup_stm32f103xe.o [1]
  .text              ro code   0x800'28cc     0x4  startup_stm32f103xe.o [1]
  .text              ro code   0x800'28d0     0x4  startup_stm32f103xe.o [1]
  .text              ro code   0x800'28d4     0x4  startup_stm32f103xe.o [1]
  .text              ro code   0x800'28d8     0x4  startup_stm32f103xe.o [1]
  .text              ro code   0x800'28dc     0x4  startup_stm32f103xe.o [1]
  .text              ro code   0x800'28e0     0x4  startup_stm32f103xe.o [1]
  .text              ro code   0x800'28e4     0x4  startup_stm32f103xe.o [1]
  .text              ro code   0x800'28e8     0x4  startup_stm32f103xe.o [1]
  .text              ro code   0x800'28ec     0x4  startup_stm32f103xe.o [1]
  .text              ro code   0x800'28f0     0x4  startup_stm32f103xe.o [1]
  .text              ro code   0x800'28f4     0x4  startup_stm32f103xe.o [1]
  .text              ro code   0x800'28f8     0x4  startup_stm32f103xe.o [1]
  .text              ro code   0x800'28fc     0x4  startup_stm32f103xe.o [1]
  .text              ro code   0x800'2900     0x4  startup_stm32f103xe.o [1]
  .text              ro code   0x800'2904     0x4  startup_stm32f103xe.o [1]
  .text              ro code   0x800'2908     0x4  startup_stm32f103xe.o [1]
  .text              ro code   0x800'290c     0x4  startup_stm32f103xe.o [1]
  .text              ro code   0x800'2910     0x4  startup_stm32f103xe.o [1]
  .text              ro code   0x800'2914     0x4  startup_stm32f103xe.o [1]
  .text              ro code   0x800'2918     0x4  startup_stm32f103xe.o [1]
  .text              ro code   0x800'291c     0x4  startup_stm32f103xe.o [1]
  .text              ro code   0x800'2920     0x4  startup_stm32f103xe.o [1]
  .text              ro code   0x800'2924     0x4  startup_stm32f103xe.o [1]
  .text              ro code   0x800'2928     0x4  startup_stm32f103xe.o [1]
  .text              ro code   0x800'292c     0x4  startup_stm32f103xe.o [1]
  .text              ro code   0x800'2930     0x4  startup_stm32f103xe.o [1]
  .text              ro code   0x800'2934     0x4  startup_stm32f103xe.o [1]
  .text              ro code   0x800'2938     0x4  startup_stm32f103xe.o [1]
  .text              ro code   0x800'293c     0x4  startup_stm32f103xe.o [1]
  .text              ro code   0x800'2940     0x4  startup_stm32f103xe.o [1]
  .text              ro code   0x800'2944     0x4  startup_stm32f103xe.o [1]
  .text              ro code   0x800'2948     0x4  startup_stm32f103xe.o [1]
  .text              ro code   0x800'294c     0x4  startup_stm32f103xe.o [1]
  .text              ro code   0x800'2950     0x4  startup_stm32f103xe.o [1]
  .text              ro code   0x800'2954     0x4  startup_stm32f103xe.o [1]
  .text              ro code   0x800'2958     0x4  startup_stm32f103xe.o [1]
  .text              ro code   0x800'295c     0x4  startup_stm32f103xe.o [1]
  .text              ro code   0x800'2960     0x4  startup_stm32f103xe.o [1]
  .text              ro code   0x800'2964     0x4  startup_stm32f103xe.o [1]
  .text              ro code   0x800'2968     0x4  startup_stm32f103xe.o [1]
  .text              ro code   0x800'296c     0x4  startup_stm32f103xe.o [1]
  .text              ro code   0x800'2970     0x4  startup_stm32f103xe.o [1]
  .text              ro code   0x800'2974     0x4  startup_stm32f103xe.o [1]
  .text              ro code   0x800'2978     0x4  startup_stm32f103xe.o [1]
  .text              ro code   0x800'297c     0x4  startup_stm32f103xe.o [1]
  .text              ro code   0x800'2980     0x4  startup_stm32f103xe.o [1]
  .text              ro code   0x800'2984     0x4  startup_stm32f103xe.o [1]
  .text              ro code   0x800'2988     0x4  startup_stm32f103xe.o [1]
  .text              ro code   0x800'298c     0x4  startup_stm32f103xe.o [1]
  .text              ro code   0x800'2990     0x4  startup_stm32f103xe.o [1]
  .text              ro code   0x800'2994     0x4  startup_stm32f103xe.o [1]
  .rodata            const     0x800'2998     0x0  zero_init3.o [3]
  .rodata            const     0x800'2998     0x0  copy_init3.o [3]
                             - 0x800'2998  0x2868

"P2", part 1 of 3:                            0xc
  P2-1                        0x2000'0000     0x9  <Init block>
    .data            inited   0x2000'0000     0x4  stm32f1xx_hal.o [1]
    .data            inited   0x2000'0004     0x4  system_stm32f1xx.o [1]
    .data            inited   0x2000'0008     0x1  stm32f1xx_hal.o [1]
                            - 0x2000'0009     0x9

"P2", part 2 of 3:                          0x3ec
  .bss               zero     0x2000'000c   0x12c  module.o [1]
  .bss               zero     0x2000'0138   0x12c  module.o [1]
  .bss               zero     0x2000'0264    0x44  main.o [1]
  .bss               zero     0x2000'02a8    0x44  main.o [1]
  .bss               zero     0x2000'02ec    0x40  main.o [1]
  .bss               zero     0x2000'032c    0x40  main.o [1]
  .bss               zero     0x2000'036c    0x40  main.o [1]
  .bss               zero     0x2000'03ac    0x40  main.o [1]
  .bss               zero     0x2000'03ec     0x4  stm32f1xx_hal.o [1]
  .bss               zero     0x2000'03f0     0x2  module.o [1]
  .bss               zero     0x2000'03f2     0x2  module.o [1]
  .bss               zero     0x2000'03f4     0x1  main.o [1]
  .bss               zero     0x2000'03f5     0x1  module.o [1]
  .bss               zero     0x2000'03f6     0x1  module.o [1]
  .bss               zero     0x2000'03f7     0x1  module.o [1]
                            - 0x2000'03f8   0x3ec

"P2", part 3 of 3:                          0x400
  CSTACK                      0x2000'03f8   0x400  <Block>
    CSTACK           uninit   0x2000'03f8   0x400  <Block tail>
                            - 0x2000'07f8   0x400

Unused ranges:

         From           To      Size
         ----           --      ----
   0x800'2998   0x807'ffff  0x7'd668
  0x2000'07f8  0x2000'ffff    0xf808


*******************************************************************************
*** INIT TABLE
***

          Address      Size
          -------      ----
Zero (__iar_zero_init3)
    1 destination range, total size 0x3ec:
          0x2000'000c  0x3ec

Copy (__iar_copy_init3)
    1 source range, total size 0xc (133% of destination):
           0x800'28b0    0xc
    1 destination range, total size 0x9:
          0x2000'0000    0x9



*******************************************************************************
*** MODULE SUMMARY
***

    Module                  ro code  ro data  rw data
    ------                  -------  -------  -------
command line/config:
    -------------------------------------------------
    Total:

F:\buadrate\A_Module\EWARM\ceshi\Obj: [1]
    main.o                      926       32      393
    module.o                    488               607
    startup_stm32f103xe.o       532
    stm32f1xx_hal.o             148        5        9
    stm32f1xx_hal_cortex.o      368
    stm32f1xx_hal_dma.o       1 836
    stm32f1xx_hal_gpio.o        684
    stm32f1xx_hal_msp.o         616       48
    stm32f1xx_hal_rcc.o       1 592       18
    stm32f1xx_hal_tim.o         688
    stm32f1xx_hal_tim_ex.o       96
    stm32f1xx_hal_uart.o      1 912
    stm32f1xx_it.o              144
    system_stm32f1xx.o           88       28        4
    -------------------------------------------------
    Total:                   10 118      131    1 013

dl7M_tlf.a: [2]
    exit.o                        4
    low_level_init.o              4
    -------------------------------------------------
    Total:                        8

rt7M_tl.a: [3]
    ABImemcpy.o                 134
    cexit.o                      10
    cmain.o                      30
    copy_init3.o                 44
    cstartup_M.o                 12
    data_init.o                  40
    zero_init3.o                 58
    -------------------------------------------------
    Total:                      328

shb_l.a: [4]
    exit.o                       20
    -------------------------------------------------
    Total:                       20

    Gaps                          4
    Linker created                        39    1 024
-----------------------------------------------------
    Grand Total:             10 478      170    2 037


*******************************************************************************
*** ENTRY LIST
***

Entry                       Address   Size  Type      Object
-----                       -------   ----  ----      ------
.iar.init_table$$Base    0x800'27e8          --   Gb  - Linker created -
.iar.init_table$$Limit   0x800'280c          --   Gb  - Linker created -
?main                    0x800'282d         Code  Gb  cmain.o [3]
AHBPrescTable            0x800'2884   0x10  Data  Gb  system_stm32f1xx.o [1]
APBPrescTable            0x800'28bc    0x8  Data  Gb  system_stm32f1xx.o [1]
BusFault_Handler         0x800'266b    0x2  Code  Gb  stm32f1xx_it.o [1]
CSTACK$$Base            0x2000'03f8          --   Gb  - Linker created -
CSTACK$$Limit           0x2000'07f8          --   Gb  - Linker created -
DMA1_Channel5_IRQHandler
                         0x800'2683    0xa  Code  Gb  stm32f1xx_it.o [1]
DMA2_Channel3_IRQHandler
                         0x800'26cd    0xa  Code  Gb  stm32f1xx_it.o [1]
DMA_SetConfig            0x800'1209   0x2c  Code  Lc  stm32f1xx_hal_dma.o [1]
DebugMon_Handler         0x800'2671    0x2  Code  Gb  stm32f1xx_it.o [1]
HAL_DMA_Abort            0x800'0c3f   0x36  Code  Gb  stm32f1xx_hal_dma.o [1]
HAL_DMA_Abort_IT         0x800'0c75  0x1be  Code  Gb  stm32f1xx_hal_dma.o [1]
HAL_DMA_IRQHandler       0x800'0e79  0x358  Code  Gb  stm32f1xx_hal_dma.o [1]
HAL_DMA_Init             0x800'0b09   0x9e  Code  Gb  stm32f1xx_hal_dma.o [1]
HAL_DMA_Start_IT         0x800'0ba7   0x98  Code  Gb  stm32f1xx_hal_dma.o [1]
HAL_GPIO_Init            0x800'19e5  0x23e  Code  Gb  stm32f1xx_hal_gpio.o [1]
HAL_GPIO_TogglePin       0x800'1c3d    0xc  Code  Gb  stm32f1xx_hal_gpio.o [1]
HAL_GPIO_WritePin        0x800'1c23   0x1a  Code  Gb  stm32f1xx_hal_gpio.o [1]
HAL_GetTick              0x800'2069    0xc  Code  Wk  stm32f1xx_hal.o [1]
HAL_IncTick              0x800'26f5   0x18  Code  Wk  stm32f1xx_hal.o [1]
HAL_Init                 0x800'2149   0x20  Code  Gb  stm32f1xx_hal.o [1]
HAL_InitTick             0x800'2075   0x4c  Code  Wk  stm32f1xx_hal.o [1]
HAL_MspInit              0x800'08a1   0x96  Code  Gb  stm32f1xx_hal_msp.o [1]
HAL_NVIC_EnableIRQ       0x800'1985    0xe  Code  Gb  stm32f1xx_hal_cortex.o [1]
HAL_NVIC_SetPriority     0x800'195b   0x2a  Code  Gb  stm32f1xx_hal_cortex.o [1]
HAL_NVIC_SetPriorityGrouping
                         0x800'194f    0xc  Code  Gb  stm32f1xx_hal_cortex.o [1]
HAL_RCC_ClockConfig      0x800'15fd  0x16c  Code  Gb  stm32f1xx_hal_rcc.o [1]
HAL_RCC_GetHCLKFreq      0x800'17d9    0x6  Code  Gb  stm32f1xx_hal_rcc.o [1]
HAL_RCC_GetPCLK1Freq     0x800'17df   0x16  Code  Gb  stm32f1xx_hal_rcc.o [1]
HAL_RCC_GetPCLK2Freq     0x800'17f5   0x16  Code  Gb  stm32f1xx_hal_rcc.o [1]
HAL_RCC_GetSysClockFreq
                         0x800'1769   0x70  Code  Gb  stm32f1xx_hal_rcc.o [1]
HAL_RCC_OscConfig        0x800'123d  0x3c0  Code  Gb  stm32f1xx_hal_rcc.o [1]
HAL_SYSTICK_CLKSourceConfig
                         0x800'199f   0x1c  Code  Gb  stm32f1xx_hal_cortex.o [1]
HAL_SYSTICK_Callback     0x800'1ccd   0x68  Code  Gb  main.o [1]
HAL_SYSTICK_Config       0x800'1993    0xc  Code  Gb  stm32f1xx_hal_cortex.o [1]
HAL_SYSTICK_IRQHandler   0x800'19dd    0x8  Code  Gb  stm32f1xx_hal_cortex.o [1]
HAL_TIMEx_BreakCallback
                         0x800'265f    0x2  Code  Wk  stm32f1xx_hal_tim_ex.o [1]
HAL_TIMEx_CommutationCallback
                         0x800'2663    0x2  Code  Wk  stm32f1xx_hal_tim_ex.o [1]
HAL_TIMEx_MasterConfigSynchronization
                         0x800'25fd   0x5a  Code  Gb  stm32f1xx_hal_tim_ex.o [1]
HAL_TIM_Base_Init        0x800'2355   0x38  Code  Gb  stm32f1xx_hal_tim.o [1]
HAL_TIM_Base_MspInit     0x800'0937   0x60  Code  Gb  stm32f1xx_hal_msp.o [1]
HAL_TIM_Base_Start_IT    0x800'238d   0x1e  Code  Gb  stm32f1xx_hal_tim.o [1]
HAL_TIM_Base_Stop_IT     0x800'23ab   0x36  Code  Gb  stm32f1xx_hal_tim.o [1]
HAL_TIM_IRQHandler       0x800'23e1  0x176  Code  Gb  stm32f1xx_hal_tim.o [1]
HAL_TIM_PeriodElapsedCallback
                         0x800'21e7   0x22  Code  Gb  module.o [1]
HAL_TIM_PeriodElapsedCallback::i
                        0x2000'03f7    0x1  Data  Lc  module.o [1]
HAL_UART_AbortReceive    0x800'0341   0x50  Code  Gb  stm32f1xx_hal_uart.o [1]
HAL_UART_DMAStop         0x800'02cf   0x72  Code  Gb  stm32f1xx_hal_uart.o [1]
HAL_UART_IRQHandler      0x800'0391  0x14a  Code  Gb  stm32f1xx_hal_uart.o [1]
HAL_UART_Init            0x800'0131   0x76  Code  Gb  stm32f1xx_hal_uart.o [1]
HAL_UART_MspInit         0x800'0997  0x13a  Code  Gb  stm32f1xx_hal_msp.o [1]
HAL_UART_Receive_DMA     0x800'0219   0xb6  Code  Gb  stm32f1xx_hal_uart.o [1]
HAL_UART_Receive_IT      0x800'01a7   0x72  Code  Gb  stm32f1xx_hal_uart.o [1]
HardFault_Handler        0x800'2667    0x2  Code  Gb  stm32f1xx_it.o [1]
MX_DMA_Init              0x800'1ec9   0x4a  Code  Lc  main.o [1]
MX_GPIO_Init             0x800'1f13   0xde  Code  Lc  main.o [1]
MX_TIM6_Init             0x800'1db9   0x4a  Code  Lc  main.o [1]
MX_TIM7_Init             0x800'1e03   0x4c  Code  Lc  main.o [1]
MX_UART4_Init            0x800'1e4f   0x3c  Code  Lc  main.o [1]
MX_USART1_UART_Init      0x800'1e8b   0x3e  Code  Lc  main.o [1]
MemManage_Handler        0x800'2669    0x2  Code  Gb  stm32f1xx_it.o [1]
NMI_Handler              0x800'2665    0x2  Code  Gb  stm32f1xx_it.o [1]
NVIC_EnableIRQ           0x800'189d   0x16  Code  Lc  stm32f1xx_hal_cortex.o [1]
NVIC_EncodePriority      0x800'18df   0x40  Code  Lc  stm32f1xx_hal_cortex.o [1]
NVIC_GetPriorityGrouping
                         0x800'1893    0xa  Code  Lc  stm32f1xx_hal_cortex.o [1]
NVIC_SetPriority         0x800'18b3   0x2c  Code  Lc  stm32f1xx_hal_cortex.o [1]
NVIC_SetPriorityGrouping
                         0x800'1875   0x1e  Code  Lc  stm32f1xx_hal_cortex.o [1]
PendSV_Handler           0x800'2673    0x2  Code  Gb  stm32f1xx_it.o [1]
RCC_Delay                0x800'180b   0x26  Code  Lc  stm32f1xx_hal_rcc.o [1]
RCC_IRQHandler           0x800'2681    0x2  Code  Gb  stm32f1xx_it.o [1]
RS485_Send_Data          0x800'2299   0x4a  Code  Lc  module.o [1]
Region$$Table$$Base      0x800'27e8          --   Gb  - Linker created -
Region$$Table$$Limit     0x800'280c          --   Gb  - Linker created -
SVC_Handler              0x800'266f    0x2  Code  Gb  stm32f1xx_it.o [1]
SysTick_Config           0x800'191f   0x30  Code  Lc  stm32f1xx_hal_cortex.o [1]
SysTick_Handler          0x800'2675    0xc  Code  Gb  stm32f1xx_it.o [1]
SystemClock_Config       0x800'1d35   0x84  Code  Gb  main.o [1]
SystemCoreClock         0x2000'0004    0x4  Data  Gb  system_stm32f1xx.o [1]
SystemInit               0x800'270d   0x3e  Code  Gb  system_stm32f1xx.o [1]
TIM6_IRQHandler          0x800'26b9    0xa  Code  Gb  stm32f1xx_it.o [1]
TIM7_IRQHandler          0x800'26c3    0xa  Code  Gb  stm32f1xx_it.o [1]
TIM_Base_SetConfig       0x800'2557   0x90  Code  Gb  stm32f1xx_hal_tim.o [1]
UART4_IRQHandler         0x800'269f   0x1a  Code  Gb  stm32f1xx_it.o [1]
UART_DMAAbortOnError     0x800'05c1   0x16  Code  Lc  stm32f1xx_hal_uart.o [1]
UART_DMAError            0x800'0531   0x58  Code  Lc  stm32f1xx_hal_uart.o [1]
UART_DMAReceiveCplt      0x800'04dd   0x44  Code  Lc  stm32f1xx_hal_uart.o [1]
UART_DMARxHalfCplt       0x800'0521    0xe  Code  Lc  stm32f1xx_hal_uart.o [1]
UART_EndRxTransfer       0x800'059d   0x20  Code  Lc  stm32f1xx_hal_uart.o [1]
UART_EndTransmit_IT      0x800'0647   0x20  Code  Lc  stm32f1xx_hal_uart.o [1]
UART_EndTxTransfer       0x800'0589   0x14  Code  Lc  stm32f1xx_hal_uart.o [1]
UART_Receive_IT          0x800'0667   0xae  Code  Lc  stm32f1xx_hal_uart.o [1]
UART_RxIdleCallback      0x800'216d   0x44  Code  Gb  module.o [1]
UART_SetConfig           0x800'0715  0x184  Code  Lc  stm32f1xx_hal_uart.o [1]
UART_Transmit_IT         0x800'05d9   0x6e  Code  Lc  stm32f1xx_hal_uart.o [1]
USART1_IRQHandler        0x800'268d   0x12  Code  Gb  stm32f1xx_it.o [1]
UsageFault_Handler       0x800'266d    0x2  Code  Gb  stm32f1xx_it.o [1]
Wifi_Rec_Callback        0x800'21b1   0x18  Code  Gb  module.o [1]
Wifi_Time_Callback       0x800'21c9   0x1e  Code  Gb  module.o [1]
_Error_Handler           0x800'202d    0x2  Code  Gb  main.o [1]
__aeabi_memcpy4          0x800'20c1         Code  Gb  ABImemcpy.o [3]
__aeabi_memcpy8          0x800'20c1         Code  Gb  ABImemcpy.o [3]
__cmain                  0x800'282d         Code  Gb  cmain.o [3]
__exit                   0x800'2861   0x14  Code  Gb  exit.o [4]
__iar_copy_init3         0x800'2795   0x2c  Code  Gb  copy_init3.o [3]
__iar_data_init3         0x800'27c1   0x28  Code  Gb  data_init.o [3]
__iar_program_start      0x800'28a5         Code  Gb  cstartup_M.o [3]
__iar_zero_init3         0x800'202f   0x3a  Code  Gb  zero_init3.o [3]
__low_level_init         0x800'284b    0x4  Code  Gb  low_level_init.o [2]
__vector_table           0x800'0000         Data  Gb  startup_stm32f103xe.o [1]
_call_main               0x800'2839         Code  Gb  cmain.o [3]
_exit                    0x800'2855         Code  Gb  cexit.o [3]
_main                    0x800'2847         Code  Gb  cmain.o [3]
exit                     0x800'284f    0x4  Code  Gb  exit.o [2]
hdma_uart4_rx           0x2000'0264   0x44  Data  Gb  main.o [1]
hdma_usart1_rx          0x2000'02a8   0x44  Data  Gb  main.o [1]
htim6                   0x2000'02ec   0x40  Data  Gb  main.o [1]
htim7                   0x2000'032c   0x40  Data  Gb  main.o [1]
huart1                  0x2000'03ac   0x40  Data  Gb  main.o [1]
huart4                  0x2000'036c   0x40  Data  Gb  main.o [1]
init                     0x800'2265   0x34  Code  Gb  module.o [1]
led_flag                0x2000'03f4    0x1  Data  Gb  main.o [1]
main                     0x800'1c91   0x3c  Code  Gb  main.o [1]
module_send_data         0x800'22e3   0x32  Code  Lc  module.o [1]
process_cmd_tx_rx        0x800'2209   0x5c  Code  Gb  module.o [1]
rs485_rec_data          0x2000'0138  0x12c  Data  Gb  module.o [1]
rs485_rec_data_num      0x2000'03f2    0x2  Data  Gb  module.o [1]
rs485_rec_flag          0x2000'03f6    0x1  Data  Gb  module.o [1]
sim_rec_data            0x2000'000c  0x12c  Data  Gb  module.o [1]
sim_rec_data_num        0x2000'03f0    0x2  Data  Gb  module.o [1]
sim_rec_flag            0x2000'03f5    0x1  Data  Gb  module.o [1]
uwTick                  0x2000'03ec    0x4  Data  Gb  stm32f1xx_hal.o [1]
uwTickFreq              0x2000'0008    0x1  Data  Gb  stm32f1xx_hal.o [1]
uwTickPrio              0x2000'0000    0x4  Data  Gb  stm32f1xx_hal.o [1]


[1] = F:\buadrate\A_Module\EWARM\ceshi\Obj
[2] = dl7M_tlf.a
[3] = rt7M_tl.a
[4] = shb_l.a

  10 478 bytes of readonly  code memory
     170 bytes of readonly  data memory
   2 037 bytes of readwrite data memory

Errors: none
Warnings: none
