###############################################################################
#
# IAR ELF Linker V8.30.1.114/W32 for ARM                  09/Jan/2019  14:41:34
# Copyright 2007-2018 IAR Systems AB.
#
#    Output file  =  F:\buadrate\B_Mddule\EWARM\ceshi\Exe\ceshi.out
#    Map file     =  F:\buadrate\B_Mddule\EWARM\ceshi\List\ceshi.map
#    Command line =  
#        -f C:\Users\45431\AppData\Local\Temp\EW8EF5.tmp
#        (F:\buadrate\B_Mddule\EWARM\ceshi\Obj\app.o
#        F:\buadrate\B_Mddule\EWARM\ceshi\Obj\flash.o
#        F:\buadrate\B_Mddule\EWARM\ceshi\Obj\main.o
#        F:\buadrate\B_Mddule\EWARM\ceshi\Obj\module.o
#        F:\buadrate\B_Mddule\EWARM\ceshi\Obj\startup_stm32f103xe.o
#        F:\buadrate\B_Mddule\EWARM\ceshi\Obj\stm32f1xx_hal.o
#        F:\buadrate\B_Mddule\EWARM\ceshi\Obj\stm32f1xx_hal_cortex.o
#        F:\buadrate\B_Mddule\EWARM\ceshi\Obj\stm32f1xx_hal_dma.o
#        F:\buadrate\B_Mddule\EWARM\ceshi\Obj\stm32f1xx_hal_flash.o
#        F:\buadrate\B_Mddule\EWARM\ceshi\Obj\stm32f1xx_hal_flash_ex.o
#        F:\buadrate\B_Mddule\EWARM\ceshi\Obj\stm32f1xx_hal_gpio.o
#        F:\buadrate\B_Mddule\EWARM\ceshi\Obj\stm32f1xx_hal_gpio_ex.o
#        F:\buadrate\B_Mddule\EWARM\ceshi\Obj\stm32f1xx_hal_msp.o
#        F:\buadrate\B_Mddule\EWARM\ceshi\Obj\stm32f1xx_hal_pwr.o
#        F:\buadrate\B_Mddule\EWARM\ceshi\Obj\stm32f1xx_hal_rcc.o
#        F:\buadrate\B_Mddule\EWARM\ceshi\Obj\stm32f1xx_hal_rcc_ex.o
#        F:\buadrate\B_Mddule\EWARM\ceshi\Obj\stm32f1xx_hal_tim.o
#        F:\buadrate\B_Mddule\EWARM\ceshi\Obj\stm32f1xx_hal_tim_ex.o
#        F:\buadrate\B_Mddule\EWARM\ceshi\Obj\stm32f1xx_hal_uart.o
#        F:\buadrate\B_Mddule\EWARM\ceshi\Obj\stm32f1xx_it.o
#        F:\buadrate\B_Mddule\EWARM\ceshi\Obj\system_stm32f1xx.o
#        F:\buadrate\B_Mddule\EWARM\ceshi\Obj\tool.o --redirect
#        _Printf=_PrintfFull --redirect _Scanf=_ScanfFull --no_out_extension -o
#        F:\buadrate\B_Mddule\EWARM\ceshi\Exe\ceshi.out --map
#        F:\buadrate\B_Mddule\EWARM\ceshi\List\ceshi.map --config
#        F:\buadrate\B_Mddule\EWARM/stm32f103xe_flash.icf --semihosting --entry
#        __iar_program_start --vfe --text_out locale)
#
###############################################################################

*******************************************************************************
*** RUNTIME MODEL ATTRIBUTES
***

CppFlavor       = *
__SystemLibrary = DLib
__dlib_version  = 6


*******************************************************************************
*** HEAP SELECTION
***

The basic heap was selected because no calls to memory allocation
functions were found in the application outside of system library
functions, and there are calls to deallocation functions in the
application.


*******************************************************************************
*** PLACEMENT SUMMARY
***

"A0":  place at 0x800'0000 { ro section .intvec };
"P1":  place in [from 0x800'0000 to 0x807'ffff] { ro };
define block CSTACK with size = 1K, alignment = 8 { };
define block HEAP with size = 512, alignment = 8 { };
"P2":  place in [from 0x2000'0000 to 0x2000'ffff] {
          rw, block CSTACK, block HEAP };
initialize by copy { rw };

  Section            Kind         Address    Size  Object
  -------            ----         -------    ----  ------
"A0":                                       0x130
  .intvec            ro code   0x800'0000   0x130  startup_stm32f103xe.o [1]
                             - 0x800'0130   0x130

"P1":                                      0x3784
  .text              ro code   0x800'0130   0x730  stm32f1xx_hal_uart.o [1]
  .text              ro code   0x800'0860   0x268  stm32f1xx_hal_msp.o [1]
  .text              ro code   0x800'0ac8   0x72c  stm32f1xx_hal_dma.o [1]
  .text              ro code   0x800'11f4     0x2  stm32f1xx_hal_uart.o [1]
  .text              ro code   0x800'11f6     0x2  stm32f1xx_hal_uart.o [1]
  .text              ro code   0x800'11f8     0x2  stm32f1xx_hal_uart.o [1]
  .text              ro code   0x800'11fa     0x2  stm32f1xx_hal_uart.o [1]
  .text              ro code   0x800'11fc   0x638  stm32f1xx_hal_rcc.o [1]
  .text              ro code   0x800'1834   0x170  stm32f1xx_hal_cortex.o [1]
  .text              ro code   0x800'19a4   0x2c4  stm32f1xx_hal_gpio.o [1]
  .text              ro code   0x800'1c68   0x42e  main.o [1]
  .text              ro code   0x800'2096    0x3a  zero_init3.o [4]
  .text              ro code   0x800'20d0     0xc  stm32f1xx_hal.o [1]
  .text              ro code   0x800'20dc    0x4c  stm32f1xx_hal.o [1]
  .text              ro code   0x800'2128    0x86  ABImemcpy.o [4]
  .rodata            const     0x800'21ae     0x2  stm32f1xx_hal_rcc.o [1]
  .text              ro code   0x800'21b0    0x24  stm32f1xx_hal.o [1]
  .text              ro code   0x800'21d4   0x6ec  app.o [1]
  .text              ro code   0x800'28c0    0x28  stm32f1xx_hal.o [1]
  .text              ro code   0x800'28e8   0x254  stm32f1xx_hal_tim.o [1]
  .text              ro code   0x800'2b3c    0x5c  stm32f1xx_hal_tim_ex.o [1]
  .text              ro code   0x800'2b98   0x180  module.o [1]
  .text              ro code   0x800'2d18    0x1c  U32ToFlt.o [3]
  .text              ro code   0x800'2d34    0xfc  FltDiv.o [3]
  .text              ro code   0x800'2e30    0x2a  FltToS32.o [3]
  .text              ro code   0x800'2e5c    0x80  FltSub.o [3]
  .text              ro code   0x800'2edc    0xd8  FltMul.o [3]
  .text              ro code   0x800'2fb4   0x11c  tool.o [1]
  .text              ro code   0x800'30d0   0x3c8  flash.o [1]
  .text              ro code   0x800'3498     0x2  stm32f1xx_hal_tim.o [1]
  .text              ro code   0x800'349a     0x2  stm32f1xx_hal_tim.o [1]
  .text              ro code   0x800'349c     0x2  stm32f1xx_hal_tim.o [1]
  .text              ro code   0x800'349e     0x2  stm32f1xx_hal_tim_ex.o [1]
  .text              ro code   0x800'34a0     0x2  stm32f1xx_hal_tim.o [1]
  .text              ro code   0x800'34a2     0x2  stm32f1xx_hal_tim_ex.o [1]
  .text              ro code   0x800'34a4    0xd6  FltAdd.o [3]
  .text              ro code   0x800'357c    0x84  stm32f1xx_it.o [1]
  .text              ro code   0x800'3600    0x18  stm32f1xx_hal.o [1]
  .text              ro code   0x800'3618    0x58  system_stm32f1xx.o [1]
  .rodata            const     0x800'3670    0x30  stm32f1xx_hal_msp.o [1]
  .text              ro code   0x800'36a0    0x2c  copy_init3.o [4]
  .text              ro code   0x800'36cc    0x28  data_init.o [4]
  .iar.init_table    const     0x800'36f4    0x24  - Linker created -
  .rodata            const     0x800'3718    0x20  main.o [1]
  .text              ro code   0x800'3738    0x1e  cmain.o [4]
  .text              ro code   0x800'3756     0x4  low_level_init.o [2]
  .text              ro code   0x800'375a     0x4  exit.o [2]
  .text              ro code   0x800'3760     0xa  cexit.o [4]
  .text              ro code   0x800'376c    0x14  exit.o [5]
  .rodata            const     0x800'3780    0x10  app.o [1]
  .rodata            const     0x800'3790    0x10  stm32f1xx_hal_rcc.o [1]
  .rodata            const     0x800'37a0    0x10  system_stm32f1xx.o [1]
  .text              ro code   0x800'37b0    0x10  startup_stm32f103xe.o [1]
  .text              ro code   0x800'37c0     0xc  cstartup_M.o [4]
  Initializer bytes  const     0x800'37cc     0xc  <for P2-1>
  .rodata            const     0x800'37d8     0x8  system_stm32f1xx.o [1]
  .text              ro code   0x800'37e0     0x4  startup_stm32f103xe.o [1]
  .text              ro code   0x800'37e4     0x4  startup_stm32f103xe.o [1]
  .text              ro code   0x800'37e8     0x4  startup_stm32f103xe.o [1]
  .text              ro code   0x800'37ec     0x4  startup_stm32f103xe.o [1]
  .text              ro code   0x800'37f0     0x4  startup_stm32f103xe.o [1]
  .text              ro code   0x800'37f4     0x4  startup_stm32f103xe.o [1]
  .text              ro code   0x800'37f8     0x4  startup_stm32f103xe.o [1]
  .text              ro code   0x800'37fc     0x4  startup_stm32f103xe.o [1]
  .text              ro code   0x800'3800     0x4  startup_stm32f103xe.o [1]
  .text              ro code   0x800'3804     0x4  startup_stm32f103xe.o [1]
  .text              ro code   0x800'3808     0x4  startup_stm32f103xe.o [1]
  .text              ro code   0x800'380c     0x4  startup_stm32f103xe.o [1]
  .text              ro code   0x800'3810     0x4  startup_stm32f103xe.o [1]
  .text              ro code   0x800'3814     0x4  startup_stm32f103xe.o [1]
  .text              ro code   0x800'3818     0x4  startup_stm32f103xe.o [1]
  .text              ro code   0x800'381c     0x4  startup_stm32f103xe.o [1]
  .text              ro code   0x800'3820     0x4  startup_stm32f103xe.o [1]
  .text              ro code   0x800'3824     0x4  startup_stm32f103xe.o [1]
  .text              ro code   0x800'3828     0x4  startup_stm32f103xe.o [1]
  .text              ro code   0x800'382c     0x4  startup_stm32f103xe.o [1]
  .text              ro code   0x800'3830     0x4  startup_stm32f103xe.o [1]
  .text              ro code   0x800'3834     0x4  startup_stm32f103xe.o [1]
  .text              ro code   0x800'3838     0x4  startup_stm32f103xe.o [1]
  .text              ro code   0x800'383c     0x4  startup_stm32f103xe.o [1]
  .text              ro code   0x800'3840     0x4  startup_stm32f103xe.o [1]
  .text              ro code   0x800'3844     0x4  startup_stm32f103xe.o [1]
  .text              ro code   0x800'3848     0x4  startup_stm32f103xe.o [1]
  .text              ro code   0x800'384c     0x4  startup_stm32f103xe.o [1]
  .text              ro code   0x800'3850     0x4  startup_stm32f103xe.o [1]
  .text              ro code   0x800'3854     0x4  startup_stm32f103xe.o [1]
  .text              ro code   0x800'3858     0x4  startup_stm32f103xe.o [1]
  .text              ro code   0x800'385c     0x4  startup_stm32f103xe.o [1]
  .text              ro code   0x800'3860     0x4  startup_stm32f103xe.o [1]
  .text              ro code   0x800'3864     0x4  startup_stm32f103xe.o [1]
  .text              ro code   0x800'3868     0x4  startup_stm32f103xe.o [1]
  .text              ro code   0x800'386c     0x4  startup_stm32f103xe.o [1]
  .text              ro code   0x800'3870     0x4  startup_stm32f103xe.o [1]
  .text              ro code   0x800'3874     0x4  startup_stm32f103xe.o [1]
  .text              ro code   0x800'3878     0x4  startup_stm32f103xe.o [1]
  .text              ro code   0x800'387c     0x4  startup_stm32f103xe.o [1]
  .text              ro code   0x800'3880     0x4  startup_stm32f103xe.o [1]
  .text              ro code   0x800'3884     0x4  startup_stm32f103xe.o [1]
  .text              ro code   0x800'3888     0x4  startup_stm32f103xe.o [1]
  .text              ro code   0x800'388c     0x4  startup_stm32f103xe.o [1]
  .text              ro code   0x800'3890     0x4  startup_stm32f103xe.o [1]
  .text              ro code   0x800'3894     0x4  startup_stm32f103xe.o [1]
  .text              ro code   0x800'3898     0x4  startup_stm32f103xe.o [1]
  .text              ro code   0x800'389c     0x4  startup_stm32f103xe.o [1]
  .text              ro code   0x800'38a0     0x4  startup_stm32f103xe.o [1]
  .text              ro code   0x800'38a4     0x4  startup_stm32f103xe.o [1]
  .text              ro code   0x800'38a8     0x4  startup_stm32f103xe.o [1]
  .text              ro code   0x800'38ac     0x4  startup_stm32f103xe.o [1]
  .text              ro code   0x800'38b0     0x4  startup_stm32f103xe.o [1]
  .rodata            const     0x800'38b4     0x0  zero_init3.o [4]
  .rodata            const     0x800'38b4     0x0  copy_init3.o [4]
                             - 0x800'38b4  0x3784

"P2", part 1 of 3:                            0xc
  P2-1                        0x2000'0000     0x9  <Init block>
    .data            inited   0x2000'0000     0x4  stm32f1xx_hal.o [1]
    .data            inited   0x2000'0004     0x4  system_stm32f1xx.o [1]
    .data            inited   0x2000'0008     0x1  stm32f1xx_hal.o [1]
                            - 0x2000'0009     0x9

"P2", part 2 of 3:                          0xe54
  .bss               zero     0x2000'000c   0x800  flash.o [1]
  .bss               zero     0x2000'080c   0x200  app.o [1]
  .bss               zero     0x2000'0a0c   0x1f4  module.o [1]
  .bss               zero     0x2000'0c00    0xb0  app.o [1]
  .bss               zero     0x2000'0cb0    0x44  main.o [1]
  .bss               zero     0x2000'0cf4    0x44  main.o [1]
  .bss               zero     0x2000'0d38    0x40  main.o [1]
  .bss               zero     0x2000'0d78    0x40  main.o [1]
  .bss               zero     0x2000'0db8    0x40  main.o [1]
  .bss               zero     0x2000'0df8    0x40  main.o [1]
  .bss               zero     0x2000'0e38    0x10  tool.o [1]
  .bss               zero     0x2000'0e48     0x8  tool.o [1]
  .bss               zero     0x2000'0e50     0x4  stm32f1xx_hal.o [1]
  .bss               zero     0x2000'0e54     0x4  tool.o [1]
  .bss               zero     0x2000'0e58     0x2  app.o [1]
  .bss               zero     0x2000'0e5a     0x2  module.o [1]
  .bss               zero     0x2000'0e5c     0x1  app.o [1]
  .bss               zero     0x2000'0e5d     0x1  app.o [1]
  .bss               zero     0x2000'0e5e     0x1  main.o [1]
  .bss               zero     0x2000'0e5f     0x1  module.o [1]
                            - 0x2000'0e60   0xe54

"P2", part 3 of 3:                          0x400
  CSTACK                      0x2000'0e60   0x400  <Block>
    CSTACK           uninit   0x2000'0e60   0x400  <Block tail>
                            - 0x2000'1260   0x400

Unused ranges:

         From           To      Size
         ----           --      ----
   0x800'38b4   0x807'ffff  0x7'c74c
  0x2000'1260  0x2000'ffff    0xeda0


*******************************************************************************
*** INIT TABLE
***

          Address      Size
          -------      ----
Zero (__iar_zero_init3)
    1 destination range, total size 0xe54:
          0x2000'000c  0xe54

Copy (__iar_copy_init3)
    1 source range, total size 0xc (133% of destination):
           0x800'37cc    0xc
    1 destination range, total size 0x9:
          0x2000'0000    0x9



*******************************************************************************
*** MODULE SUMMARY
***

    Module                  ro code  ro data  rw data
    ------                  -------  -------  -------
command line/config:
    -------------------------------------------------
    Total:

F:\buadrate\B_Mddule\EWARM\ceshi\Obj: [1]
    app.o                     1 772       16      692
    flash.o                     968             2 048
    main.o                    1 070       32      393
    module.o                    384               503
    startup_stm32f103xe.o       532
    stm32f1xx_hal.o             188        5        9
    stm32f1xx_hal_cortex.o      368
    stm32f1xx_hal_dma.o       1 836
    stm32f1xx_hal_gpio.o        708
    stm32f1xx_hal_msp.o         616       48
    stm32f1xx_hal_rcc.o       1 592       18
    stm32f1xx_hal_tim.o         604
    stm32f1xx_hal_tim_ex.o       96
    stm32f1xx_hal_uart.o      1 848
    stm32f1xx_it.o              132
    system_stm32f1xx.o           88       28        4
    tool.o                      284                28
    -------------------------------------------------
    Total:                   13 086      147    3 677

dl7M_tlf.a: [2]
    exit.o                        4
    low_level_init.o              4
    -------------------------------------------------
    Total:                        8

m7M_tl.a: [3]
    FltAdd.o                    214
    FltDiv.o                    252
    FltMul.o                    216
    FltSub.o                    128
    FltToS32.o                   42
    U32ToFlt.o                   28
    -------------------------------------------------
    Total:                      880

rt7M_tl.a: [4]
    ABImemcpy.o                 134
    cexit.o                      10
    cmain.o                      30
    copy_init3.o                 44
    cstartup_M.o                 12
    data_init.o                  40
    zero_init3.o                 58
    -------------------------------------------------
    Total:                      328

shb_l.a: [5]
    exit.o                       20
    -------------------------------------------------
    Total:                       20

    Gaps                          8
    Linker created                        39    1 024
-----------------------------------------------------
    Grand Total:             14 330      186    4 701


*******************************************************************************
*** ENTRY LIST
***

Entry                       Address   Size  Type      Object
-----                       -------   ----  ----      ------
.iar.init_table$$Base    0x800'36f4          --   Gb  - Linker created -
.iar.init_table$$Limit   0x800'3718          --   Gb  - Linker created -
?main                    0x800'3739         Code  Gb  cmain.o [4]
AHBPrescTable            0x800'37a0   0x10  Data  Gb  system_stm32f1xx.o [1]
APBPrescTable            0x800'37d8    0x8  Data  Gb  system_stm32f1xx.o [1]
BusFault_Handler         0x800'3583    0x2  Code  Gb  stm32f1xx_it.o [1]
CSTACK$$Base            0x2000'0e60          --   Gb  - Linker created -
CSTACK$$Limit           0x2000'1260          --   Gb  - Linker created -
Check_Meter_Msg_Save     0x800'2755   0x6e  Code  Gb  app.o [1]
Config_Mode_Func         0x800'2573   0xa2  Code  Gb  app.o [1]
DMA1_Channel5_IRQHandler
                         0x800'359b    0xa  Code  Gb  stm32f1xx_it.o [1]
DMA2_Channel3_IRQHandler
                         0x800'35dd    0xa  Code  Gb  stm32f1xx_it.o [1]
DMA_SetConfig            0x800'11c9   0x2c  Code  Lc  stm32f1xx_hal_dma.o [1]
Data_Fuse_8Bit_To_16Bit
                         0x800'3017   0x66  Code  Gb  tool.o [1]
Data_Fuse_8Bit_To_16Bit::data_fuse_buf
                        0x2000'0e38   0x10  Data  Lc  tool.o [1]
Data_Resolve_16Bit_To_8Bit
                         0x800'2fb5   0x62  Code  Gb  tool.o [1]
Data_Resolve_16Bit_To_8Bit::data_resolve_buf
                        0x2000'0e48    0x8  Data  Lc  tool.o [1]
DebugMon_Handler         0x800'3589    0x2  Code  Gb  stm32f1xx_it.o [1]
Deinit_mode              0x800'2c43   0x68  Code  Gb  module.o [1]
FLASH_Erasure            0x800'341d   0x54  Code  Gb  flash.o [1]
Get_Buadrate_func        0x800'2615   0xb4  Code  Gb  app.o [1]
Get_Meter_Addr           0x800'2711   0x44  Code  Gb  app.o [1]
HAL_DMA_Abort            0x800'0bff   0x36  Code  Gb  stm32f1xx_hal_dma.o [1]
HAL_DMA_Abort_IT         0x800'0c35  0x1be  Code  Gb  stm32f1xx_hal_dma.o [1]
HAL_DMA_IRQHandler       0x800'0e39  0x358  Code  Gb  stm32f1xx_hal_dma.o [1]
HAL_DMA_Init             0x800'0ac9   0x9e  Code  Gb  stm32f1xx_hal_dma.o [1]
HAL_DMA_Start_IT         0x800'0b67   0x98  Code  Gb  stm32f1xx_hal_dma.o [1]
HAL_Delay                0x800'28c1   0x28  Code  Wk  stm32f1xx_hal.o [1]
HAL_GPIO_Init            0x800'19a5  0x23e  Code  Gb  stm32f1xx_hal_gpio.o [1]
HAL_GPIO_ReadPin         0x800'1be3   0x16  Code  Gb  stm32f1xx_hal_gpio.o [1]
HAL_GPIO_TogglePin       0x800'1c13    0xc  Code  Gb  stm32f1xx_hal_gpio.o [1]
HAL_GPIO_WritePin        0x800'1bf9   0x1a  Code  Gb  stm32f1xx_hal_gpio.o [1]
HAL_GetTick              0x800'20d1    0xc  Code  Wk  stm32f1xx_hal.o [1]
HAL_IncTick              0x800'3601   0x18  Code  Wk  stm32f1xx_hal.o [1]
HAL_Init                 0x800'21b1   0x20  Code  Gb  stm32f1xx_hal.o [1]
HAL_InitTick             0x800'20dd   0x4c  Code  Wk  stm32f1xx_hal.o [1]
HAL_MspInit              0x800'0861   0x96  Code  Gb  stm32f1xx_hal_msp.o [1]
HAL_NVIC_EnableIRQ       0x800'1945    0xe  Code  Gb  stm32f1xx_hal_cortex.o [1]
HAL_NVIC_SetPriority     0x800'191b   0x2a  Code  Gb  stm32f1xx_hal_cortex.o [1]
HAL_NVIC_SetPriorityGrouping
                         0x800'190f    0xc  Code  Gb  stm32f1xx_hal_cortex.o [1]
HAL_RCC_ClockConfig      0x800'15bd  0x16c  Code  Gb  stm32f1xx_hal_rcc.o [1]
HAL_RCC_GetHCLKFreq      0x800'1799    0x6  Code  Gb  stm32f1xx_hal_rcc.o [1]
HAL_RCC_GetPCLK1Freq     0x800'179f   0x16  Code  Gb  stm32f1xx_hal_rcc.o [1]
HAL_RCC_GetPCLK2Freq     0x800'17b5   0x16  Code  Gb  stm32f1xx_hal_rcc.o [1]
HAL_RCC_GetSysClockFreq
                         0x800'1729   0x70  Code  Gb  stm32f1xx_hal_rcc.o [1]
HAL_RCC_OscConfig        0x800'11fd  0x3c0  Code  Gb  stm32f1xx_hal_rcc.o [1]
HAL_SYSTICK_CLKSourceConfig
                         0x800'195f   0x1c  Code  Gb  stm32f1xx_hal_cortex.o [1]
HAL_SYSTICK_Callback     0x800'1d3b   0x5a  Code  Gb  main.o [1]
HAL_SYSTICK_Config       0x800'1953    0xc  Code  Gb  stm32f1xx_hal_cortex.o [1]
HAL_SYSTICK_IRQHandler   0x800'199d    0x8  Code  Gb  stm32f1xx_hal_cortex.o [1]
HAL_TIMEx_BreakCallback
                         0x800'349f    0x2  Code  Wk  stm32f1xx_hal_tim_ex.o [1]
HAL_TIMEx_CommutationCallback
                         0x800'34a3    0x2  Code  Wk  stm32f1xx_hal_tim_ex.o [1]
HAL_TIMEx_MasterConfigSynchronization
                         0x800'2b3d   0x5a  Code  Gb  stm32f1xx_hal_tim_ex.o [1]
HAL_TIM_Base_Init        0x800'28e9   0x38  Code  Gb  stm32f1xx_hal_tim.o [1]
HAL_TIM_Base_MspInit     0x800'08f7   0x60  Code  Gb  stm32f1xx_hal_msp.o [1]
HAL_TIM_IRQHandler       0x800'2921  0x176  Code  Gb  stm32f1xx_hal_tim.o [1]
HAL_TIM_PeriodElapsedCallback
                         0x800'21d5   0x52  Code  Gb  app.o [1]
HAL_TIM_PeriodElapsedCallback::i
                        0x2000'0e5c    0x1  Data  Lc  app.o [1]
HAL_TIM_PeriodElapsedCallback::j
                        0x2000'0e5d    0x1  Data  Lc  app.o [1]
HAL_UART_Abort           0x800'02cf   0x84  Code  Gb  stm32f1xx_hal_uart.o [1]
HAL_UART_DMAStop         0x800'025d   0x72  Code  Gb  stm32f1xx_hal_uart.o [1]
HAL_UART_IRQHandler      0x800'0353  0x14a  Code  Gb  stm32f1xx_hal_uart.o [1]
HAL_UART_Init            0x800'0131   0x76  Code  Gb  stm32f1xx_hal_uart.o [1]
HAL_UART_MspInit         0x800'0957  0x13a  Code  Gb  stm32f1xx_hal_msp.o [1]
HAL_UART_Receive_DMA     0x800'01a7   0xb6  Code  Gb  stm32f1xx_hal_uart.o [1]
HardFault_Handler        0x800'357f    0x2  Code  Gb  stm32f1xx_it.o [1]
Judge_645_Entire         0x800'2237   0x46  Code  Gb  app.o [1]
MX_DMA_Init              0x800'1f2f   0x4a  Code  Lc  main.o [1]
MX_GPIO_Init             0x800'1f79   0xde  Code  Lc  main.o [1]
MX_TIM6_Init             0x800'1e19   0x4c  Code  Lc  main.o [1]
MX_TIM7_Init             0x800'1e65   0x4e  Code  Lc  main.o [1]
MX_UART4_Init            0x800'1eb3   0x3e  Code  Lc  main.o [1]
MX_USART1_UART_Init      0x800'1ef1   0x3e  Code  Lc  main.o [1]
MemManage_Handler        0x800'3581    0x2  Code  Gb  stm32f1xx_it.o [1]
NMI_Handler              0x800'357d    0x2  Code  Gb  stm32f1xx_it.o [1]
NVIC_EnableIRQ           0x800'185d   0x16  Code  Lc  stm32f1xx_hal_cortex.o [1]
NVIC_EncodePriority      0x800'189f   0x40  Code  Lc  stm32f1xx_hal_cortex.o [1]
NVIC_GetPriorityGrouping
                         0x800'1853    0xa  Code  Lc  stm32f1xx_hal_cortex.o [1]
NVIC_SetPriority         0x800'1873   0x2c  Code  Lc  stm32f1xx_hal_cortex.o [1]
NVIC_SetPriorityGrouping
                         0x800'1835   0x1e  Code  Lc  stm32f1xx_hal_cortex.o [1]
PendSV_Handler           0x800'358b    0x2  Code  Gb  stm32f1xx_it.o [1]
Process_Command_Cache    0x800'2cab   0x42  Code  Gb  module.o [1]
Process_Command_To_Meter
                         0x800'227d  0x10a  Code  Gb  app.o [1]
RCC_Delay                0x800'17cb   0x26  Code  Lc  stm32f1xx_hal_rcc.o [1]
RCC_IRQHandler           0x800'3599    0x2  Code  Gb  stm32f1xx_it.o [1]
RS485_Send_Data          0x800'2387   0x4c  Code  Gb  app.o [1]
Read_Meter_Buadrate_Func
                         0x800'27c3   0xc6  Code  Gb  app.o [1]
Record_Buadrate_Function
                         0x800'3369   0xb4  Code  Gb  flash.o [1]
Region$$Table$$Base      0x800'36f4          --   Gb  - Linker created -
Region$$Table$$Limit     0x800'3718          --   Gb  - Linker created -
STMFLASH_BUF            0x2000'000c  0x800  Data  Gb  flash.o [1]
STMFLASH_ErasePage       0x800'3147   0x4e  Code  Gb  flash.o [1]
STMFLASH_GetStatus       0x800'30f1   0x22  Code  Gb  flash.o [1]
STMFLASH_Lock            0x800'30e3    0xe  Code  Gb  flash.o [1]
STMFLASH_Read            0x800'333d   0x2c  Code  Gb  flash.o [1]
STMFLASH_ReadHalfWord    0x800'31d5    0x4  Code  Gb  flash.o [1]
STMFLASH_Unlock          0x800'30d1   0x12  Code  Gb  flash.o [1]
STMFLASH_WaitDone        0x800'3113   0x34  Code  Gb  flash.o [1]
STMFLASH_Write           0x800'3205  0x138  Code  Gb  flash.o [1]
STMFLASH_WriteHalfWord   0x800'3195   0x40  Code  Gb  flash.o [1]
STMFLASH_Write_NoCheck   0x800'31d9   0x2c  Code  Gb  flash.o [1]
SVC_Handler              0x800'3587    0x2  Code  Gb  stm32f1xx_it.o [1]
Save_Addr                0x800'2889   0x38  Code  Gb  app.o [1]
Save_Data_To_Flash       0x800'24df   0x94  Code  Gb  app.o [1]
Save_Meter_Addr          0x800'2453   0x8c  Code  Gb  app.o [1]
SysTick_Config           0x800'18df   0x30  Code  Lc  stm32f1xx_hal_cortex.o [1]
SysTick_Handler          0x800'358d    0xc  Code  Gb  stm32f1xx_it.o [1]
SystemClock_Config       0x800'1d95   0x84  Code  Gb  main.o [1]
SystemCoreClock         0x2000'0004    0x4  Data  Gb  system_stm32f1xx.o [1]
SystemInit               0x800'3619   0x3e  Code  Gb  system_stm32f1xx.o [1]
TIM6_IRQHandler          0x800'35c9    0xa  Code  Gb  stm32f1xx_it.o [1]
TIM7_IRQHandler          0x800'35d3    0xa  Code  Gb  stm32f1xx_it.o [1]
TIM_Base_SetConfig       0x800'2a97   0x90  Code  Gb  stm32f1xx_hal_tim.o [1]
UART4_IRQHandler         0x800'35b7   0x12  Code  Gb  stm32f1xx_it.o [1]
UART_DMAAbortOnError     0x800'0581   0x16  Code  Lc  stm32f1xx_hal_uart.o [1]
UART_DMAError            0x800'04f1   0x58  Code  Lc  stm32f1xx_hal_uart.o [1]
UART_DMAReceiveCplt      0x800'049d   0x44  Code  Lc  stm32f1xx_hal_uart.o [1]
UART_DMARxHalfCplt       0x800'04e1    0xe  Code  Lc  stm32f1xx_hal_uart.o [1]
UART_EndRxTransfer       0x800'055d   0x20  Code  Lc  stm32f1xx_hal_uart.o [1]
UART_EndTransmit_IT      0x800'0607   0x20  Code  Lc  stm32f1xx_hal_uart.o [1]
UART_EndTxTransfer       0x800'0549   0x14  Code  Lc  stm32f1xx_hal_uart.o [1]
UART_Receive_IT          0x800'0627   0xae  Code  Lc  stm32f1xx_hal_uart.o [1]
UART_RxIdleCallback      0x800'2b99   0x88  Code  Gb  module.o [1]
UART_SetConfig           0x800'06d5  0x184  Code  Lc  stm32f1xx_hal_uart.o [1]
UART_Transmit_IT         0x800'0599   0x6e  Code  Lc  stm32f1xx_hal_uart.o [1]
USART1_IRQHandler        0x800'35a5   0x12  Code  Gb  stm32f1xx_it.o [1]
UsageFault_Handler       0x800'3585    0x2  Code  Gb  stm32f1xx_it.o [1]
_Error_Handler           0x800'2095    0x2  Code  Gb  main.o [1]
__aeabi_f2iz             0x800'2e31         Code  Gb  FltToS32.o [3]
__aeabi_fdiv             0x800'2d35         Code  Gb  FltDiv.o [3]
__aeabi_fmul             0x800'2edd         Code  Gb  FltMul.o [3]
__aeabi_fsub             0x800'2e5d         Code  Gb  FltSub.o [3]
__aeabi_memcpy4          0x800'2129         Code  Gb  ABImemcpy.o [4]
__aeabi_memcpy8          0x800'2129         Code  Gb  ABImemcpy.o [4]
__aeabi_ui2f             0x800'2d19         Code  Gb  U32ToFlt.o [3]
__cmain                  0x800'3739         Code  Gb  cmain.o [4]
__exit                   0x800'376d   0x14  Code  Gb  exit.o [5]
__iar_copy_init3         0x800'36a1   0x2c  Code  Gb  copy_init3.o [4]
__iar_data_init3         0x800'36cd   0x28  Code  Gb  data_init.o [4]
__iar_fadd               0x800'2e69         Code  Gb  FltSub.o [3]
__iar_fsub               0x800'34a5         Code  Gb  FltAdd.o [3]
__iar_fsubStart          0x800'34b5         Code  Gb  FltAdd.o [3]
__iar_program_start      0x800'37c1         Code  Gb  cstartup_M.o [4]
__iar_zero_init3         0x800'2097   0x3a  Code  Gb  zero_init3.o [4]
__low_level_init         0x800'3757    0x4  Code  Gb  low_level_init.o [2]
__vector_table           0x800'0000         Data  Gb  startup_stm32f103xe.o [1]
_call_main               0x800'3745         Code  Gb  cmain.o [4]
_exit                    0x800'3761         Code  Gb  cexit.o [4]
_main                    0x800'3753         Code  Gb  cmain.o [4]
core_init                0x800'244b    0x8  Code  Gb  app.o [1]
delay_us                 0x800'307d   0x3a  Code  Gb  tool.o [1]
exit                     0x800'375b    0x4  Code  Gb  exit.o [2]
fac_us                  0x2000'0e54    0x4  Data  Lc  tool.o [1]
hdma_uart4_rx           0x2000'0cb0   0x44  Data  Gb  main.o [1]
hdma_usart1_rx          0x2000'0cf4   0x44  Data  Gb  main.o [1]
htim6                   0x2000'0d38   0x40  Data  Gb  main.o [1]
htim7                   0x2000'0d78   0x40  Data  Gb  main.o [1]
huart1                  0x2000'0df8   0x40  Data  Gb  main.o [1]
huart4                  0x2000'0db8   0x40  Data  Gb  main.o [1]
led_flag                0x2000'0e5e    0x1  Data  Gb  main.o [1]
main                     0x800'1c69   0xd2  Code  Gb  main.o [1]
meter                   0x2000'080c  0x200  Data  Gb  app.o [1]
meter_meory_gooble      0x2000'0c00   0xb0  Data  Lc  app.o [1]
meter_rec_num           0x2000'0e58    0x2  Data  Gb  app.o [1]
module_send_data         0x800'23d3   0x32  Code  Gb  app.o [1]
process_cmd              0x800'2227   0x10  Code  Gb  app.o [1]
rec_data_num            0x2000'0e5a    0x2  Data  Lc  module.o [1]
set_485buadrate          0x800'2405   0x46  Code  Lc  app.o [1]
sim_initial              0x800'2c21   0x22  Code  Gb  module.o [1]
sim_rec_data            0x2000'0a0c  0x1f4  Data  Gb  module.o [1]
sim_rec_flag            0x2000'0e5f    0x1  Data  Gb  module.o [1]
uwTick                  0x2000'0e50    0x4  Data  Gb  stm32f1xx_hal.o [1]
uwTickFreq              0x2000'0008    0x1  Data  Gb  stm32f1xx_hal.o [1]
uwTickPrio              0x2000'0000    0x4  Data  Gb  stm32f1xx_hal.o [1]


[1] = F:\buadrate\B_Mddule\EWARM\ceshi\Obj
[2] = dl7M_tlf.a
[3] = m7M_tl.a
[4] = rt7M_tl.a
[5] = shb_l.a

  14 330 bytes of readonly  code memory
     186 bytes of readonly  data memory
   4 701 bytes of readwrite data memory

Errors: none
Warnings: none
