###############################################################################
#
# IAR ELF Linker V8.30.1.114/W32 for ARM                  10/Jan/2019  11:57:43
# Copyright 2007-2018 IAR Systems AB.
#
#    Output file  =  F:\buadrate\amoddule\EWARM\ccdebug\Exe\ccdebug.out
#    Map file     =  F:\buadrate\amoddule\EWARM\ccdebug\List\ccdebug.map
#    Command line =  
#        -f C:\Users\45431\AppData\Local\Temp\EWE8FE.tmp
#        (F:\buadrate\amoddule\EWARM\ccdebug\Obj\main.o
#        F:\buadrate\amoddule\EWARM\ccdebug\Obj\module.o
#        F:\buadrate\amoddule\EWARM\ccdebug\Obj\startup_stm32f103xe.o
#        F:\buadrate\amoddule\EWARM\ccdebug\Obj\stm32f1xx_hal.o
#        F:\buadrate\amoddule\EWARM\ccdebug\Obj\stm32f1xx_hal_cortex.o
#        F:\buadrate\amoddule\EWARM\ccdebug\Obj\stm32f1xx_hal_dma.o
#        F:\buadrate\amoddule\EWARM\ccdebug\Obj\stm32f1xx_hal_flash.o
#        F:\buadrate\amoddule\EWARM\ccdebug\Obj\stm32f1xx_hal_flash_ex.o
#        F:\buadrate\amoddule\EWARM\ccdebug\Obj\stm32f1xx_hal_gpio.o
#        F:\buadrate\amoddule\EWARM\ccdebug\Obj\stm32f1xx_hal_gpio_ex.o
#        F:\buadrate\amoddule\EWARM\ccdebug\Obj\stm32f1xx_hal_msp.o
#        F:\buadrate\amoddule\EWARM\ccdebug\Obj\stm32f1xx_hal_pwr.o
#        F:\buadrate\amoddule\EWARM\ccdebug\Obj\stm32f1xx_hal_rcc.o
#        F:\buadrate\amoddule\EWARM\ccdebug\Obj\stm32f1xx_hal_rcc_ex.o
#        F:\buadrate\amoddule\EWARM\ccdebug\Obj\stm32f1xx_hal_tim.o
#        F:\buadrate\amoddule\EWARM\ccdebug\Obj\stm32f1xx_hal_tim_ex.o
#        F:\buadrate\amoddule\EWARM\ccdebug\Obj\stm32f1xx_hal_uart.o
#        F:\buadrate\amoddule\EWARM\ccdebug\Obj\stm32f1xx_it.o
#        F:\buadrate\amoddule\EWARM\ccdebug\Obj\system_stm32f1xx.o --redirect
#        _Printf=_PrintfFull --redirect _Scanf=_ScanfFull --no_out_extension -o
#        F:\buadrate\amoddule\EWARM\ccdebug\Exe\ccdebug.out --map
#        F:\buadrate\amoddule\EWARM\ccdebug\List\ccdebug.map --config
#        F:\buadrate\amoddule\EWARM/stm32f103xe_flash.icf --semihosting --entry
#        __iar_program_start --vfe --text_out locale)
#
###############################################################################

*******************************************************************************
*** RUNTIME MODEL ATTRIBUTES
***

CppFlavor       = *
__SystemLibrary = DLib
__dlib_version  = 6


*******************************************************************************
*** HEAP SELECTION
***

The basic heap was selected because no calls to memory allocation
functions were found in the application outside of system library
functions, and there are calls to deallocation functions in the
application.


*******************************************************************************
*** PLACEMENT SUMMARY
***

"A0":  place at 0x800'0000 { ro section .intvec };
"P1":  place in [from 0x800'0000 to 0x807'ffff] { ro };
define block CSTACK with size = 1K, alignment = 8 { };
define block HEAP with size = 512, alignment = 8 { };
"P2":  place in [from 0x2000'0000 to 0x2000'ffff] {
          rw, block CSTACK, block HEAP };
initialize by copy { rw };

  Section            Kind         Address    Size  Object
  -------            ----         -------    ----  ------
"A0":                                       0x130
  .intvec            ro code   0x800'0000   0x130  startup_stm32f103xe.o [1]
                             - 0x800'0130   0x130

"P1":                                      0x279c
  .text              ro code   0x800'0130   0x71c  stm32f1xx_hal_dma.o [1]
  .text              ro code   0x800'084c   0x6fc  stm32f1xx_hal_uart.o [1]
  .text              ro code   0x800'0f48   0x238  stm32f1xx_hal_msp.o [1]
  .text              ro code   0x800'1180     0x2  stm32f1xx_hal_uart.o [1]
  .text              ro code   0x800'1182     0x2  stm32f1xx_hal_uart.o [1]
  .text              ro code   0x800'1184     0x2  stm32f1xx_hal_uart.o [1]
  .text              ro code   0x800'1186     0x2  stm32f1xx_hal_uart.o [1]
  .text              ro code   0x800'1188   0x65c  stm32f1xx_hal_rcc.o [1]
  .text              ro code   0x800'17e4   0x154  stm32f1xx_hal_cortex.o [1]
  .text              ro code   0x800'1938     0x6  ABImemclr4.o [3]
  .text              ro code   0x800'193e    0x3a  zero_init3.o [3]
  .text              ro code   0x800'1978   0x2ac  stm32f1xx_hal_gpio.o [1]
  .text              ro code   0x800'1c24   0x346  main.o [1]
  .rodata            const     0x800'1f6a     0x2  stm32f1xx_hal_rcc.o [1]
  .text              ro code   0x800'1f6c     0xc  stm32f1xx_hal.o [1]
  .text              ro code   0x800'1f78    0x4c  stm32f1xx_hal.o [1]
  .text              ro code   0x800'1fc4    0x86  ABImemcpy.o [3]
  .text              ro code   0x800'204c    0x32  ABImemset48.o [3]
  .text              ro code   0x800'2080    0x24  stm32f1xx_hal.o [1]
  .text              ro code   0x800'20a4   0x22c  module.o [1]
  .text              ro code   0x800'22d0   0x288  stm32f1xx_hal_tim.o [1]
  .text              ro code   0x800'2558    0x5c  stm32f1xx_hal_tim_ex.o [1]
  .text              ro code   0x800'25b4    0x28  stm32f1xx_hal.o [1]
  .text              ro code   0x800'25dc     0x2  stm32f1xx_hal_tim.o [1]
  .text              ro code   0x800'25de     0x2  stm32f1xx_hal_tim.o [1]
  .text              ro code   0x800'25e0     0x2  stm32f1xx_hal_tim.o [1]
  .text              ro code   0x800'25e2     0x2  stm32f1xx_hal_tim_ex.o [1]
  .text              ro code   0x800'25e4     0x2  stm32f1xx_hal_tim.o [1]
  .text              ro code   0x800'25e6     0x2  stm32f1xx_hal_tim_ex.o [1]
  .text              ro code   0x800'25e8    0x80  stm32f1xx_it.o [1]
  .text              ro code   0x800'2668    0x18  stm32f1xx_hal.o [1]
  .text              ro code   0x800'2680    0x58  system_stm32f1xx.o [1]
  .text              ro code   0x800'26d8    0x2c  copy_init3.o [3]
  .text              ro code   0x800'2704    0x28  data_init.o [3]
  .iar.init_table    const     0x800'272c    0x24  - Linker created -
  .text              ro code   0x800'2750    0x1e  cmain.o [3]
  .text              ro code   0x800'276e     0x4  low_level_init.o [2]
  .text              ro code   0x800'2772     0x4  exit.o [2]
  .text              ro code   0x800'2778     0xa  cexit.o [3]
  .text              ro code   0x800'2784    0x14  exit.o [4]
  .rodata            const     0x800'2798    0x10  stm32f1xx_hal_rcc.o [1]
  .rodata            const     0x800'27a8    0x10  system_stm32f1xx.o [1]
  .text              ro code   0x800'27b8    0x10  startup_stm32f103xe.o [1]
  .text              ro code   0x800'27c8     0xc  cstartup_M.o [3]
  Initializer bytes  const     0x800'27d4     0xc  <for P2-1>
  .rodata            const     0x800'27e0     0x8  main.o [1]
  .rodata            const     0x800'27e8     0x8  main.o [1]
  .rodata            const     0x800'27f0     0x8  system_stm32f1xx.o [1]
  .text              ro code   0x800'27f8     0x4  startup_stm32f103xe.o [1]
  .text              ro code   0x800'27fc     0x4  startup_stm32f103xe.o [1]
  .text              ro code   0x800'2800     0x4  startup_stm32f103xe.o [1]
  .text              ro code   0x800'2804     0x4  startup_stm32f103xe.o [1]
  .text              ro code   0x800'2808     0x4  startup_stm32f103xe.o [1]
  .text              ro code   0x800'280c     0x4  startup_stm32f103xe.o [1]
  .text              ro code   0x800'2810     0x4  startup_stm32f103xe.o [1]
  .text              ro code   0x800'2814     0x4  startup_stm32f103xe.o [1]
  .text              ro code   0x800'2818     0x4  startup_stm32f103xe.o [1]
  .text              ro code   0x800'281c     0x4  startup_stm32f103xe.o [1]
  .text              ro code   0x800'2820     0x4  startup_stm32f103xe.o [1]
  .text              ro code   0x800'2824     0x4  startup_stm32f103xe.o [1]
  .text              ro code   0x800'2828     0x4  startup_stm32f103xe.o [1]
  .text              ro code   0x800'282c     0x4  startup_stm32f103xe.o [1]
  .text              ro code   0x800'2830     0x4  startup_stm32f103xe.o [1]
  .text              ro code   0x800'2834     0x4  startup_stm32f103xe.o [1]
  .text              ro code   0x800'2838     0x4  startup_stm32f103xe.o [1]
  .text              ro code   0x800'283c     0x4  startup_stm32f103xe.o [1]
  .text              ro code   0x800'2840     0x4  startup_stm32f103xe.o [1]
  .text              ro code   0x800'2844     0x4  startup_stm32f103xe.o [1]
  .text              ro code   0x800'2848     0x4  startup_stm32f103xe.o [1]
  .text              ro code   0x800'284c     0x4  startup_stm32f103xe.o [1]
  .text              ro code   0x800'2850     0x4  startup_stm32f103xe.o [1]
  .text              ro code   0x800'2854     0x4  startup_stm32f103xe.o [1]
  .text              ro code   0x800'2858     0x4  startup_stm32f103xe.o [1]
  .text              ro code   0x800'285c     0x4  startup_stm32f103xe.o [1]
  .text              ro code   0x800'2860     0x4  startup_stm32f103xe.o [1]
  .text              ro code   0x800'2864     0x4  startup_stm32f103xe.o [1]
  .text              ro code   0x800'2868     0x4  startup_stm32f103xe.o [1]
  .text              ro code   0x800'286c     0x4  startup_stm32f103xe.o [1]
  .text              ro code   0x800'2870     0x4  startup_stm32f103xe.o [1]
  .text              ro code   0x800'2874     0x4  startup_stm32f103xe.o [1]
  .text              ro code   0x800'2878     0x4  startup_stm32f103xe.o [1]
  .text              ro code   0x800'287c     0x4  startup_stm32f103xe.o [1]
  .text              ro code   0x800'2880     0x4  startup_stm32f103xe.o [1]
  .text              ro code   0x800'2884     0x4  startup_stm32f103xe.o [1]
  .text              ro code   0x800'2888     0x4  startup_stm32f103xe.o [1]
  .text              ro code   0x800'288c     0x4  startup_stm32f103xe.o [1]
  .text              ro code   0x800'2890     0x4  startup_stm32f103xe.o [1]
  .text              ro code   0x800'2894     0x4  startup_stm32f103xe.o [1]
  .text              ro code   0x800'2898     0x4  startup_stm32f103xe.o [1]
  .text              ro code   0x800'289c     0x4  startup_stm32f103xe.o [1]
  .text              ro code   0x800'28a0     0x4  startup_stm32f103xe.o [1]
  .text              ro code   0x800'28a4     0x4  startup_stm32f103xe.o [1]
  .text              ro code   0x800'28a8     0x4  startup_stm32f103xe.o [1]
  .text              ro code   0x800'28ac     0x4  startup_stm32f103xe.o [1]
  .text              ro code   0x800'28b0     0x4  startup_stm32f103xe.o [1]
  .text              ro code   0x800'28b4     0x4  startup_stm32f103xe.o [1]
  .text              ro code   0x800'28b8     0x4  startup_stm32f103xe.o [1]
  .text              ro code   0x800'28bc     0x4  startup_stm32f103xe.o [1]
  .text              ro code   0x800'28c0     0x4  startup_stm32f103xe.o [1]
  .text              ro code   0x800'28c4     0x4  startup_stm32f103xe.o [1]
  .text              ro code   0x800'28c8     0x4  startup_stm32f103xe.o [1]
  .rodata            const     0x800'28cc     0x0  zero_init3.o [3]
  .rodata            const     0x800'28cc     0x0  copy_init3.o [3]
                             - 0x800'28cc  0x279c

"P2", part 1 of 3:                            0xc
  P2-1                        0x2000'0000     0x9  <Init block>
    .data            inited   0x2000'0000     0x4  stm32f1xx_hal.o [1]
    .data            inited   0x2000'0004     0x4  system_stm32f1xx.o [1]
    .data            inited   0x2000'0008     0x1  stm32f1xx_hal.o [1]
                            - 0x2000'0009     0x9

"P2", part 2 of 3:                          0x3ec
  .bss               zero     0x2000'000c   0x12c  module.o [1]
  .bss               zero     0x2000'0138   0x12c  module.o [1]
  .bss               zero     0x2000'0264    0x44  main.o [1]
  .bss               zero     0x2000'02a8    0x44  main.o [1]
  .bss               zero     0x2000'02ec    0x40  main.o [1]
  .bss               zero     0x2000'032c    0x40  main.o [1]
  .bss               zero     0x2000'036c    0x40  main.o [1]
  .bss               zero     0x2000'03ac    0x40  main.o [1]
  .bss               zero     0x2000'03ec     0x4  stm32f1xx_hal.o [1]
  .bss               zero     0x2000'03f0     0x2  module.o [1]
  .bss               zero     0x2000'03f2     0x2  module.o [1]
  .bss               zero     0x2000'03f4     0x1  main.o [1]
  .bss               zero     0x2000'03f5     0x1  module.o [1]
  .bss               zero     0x2000'03f6     0x1  module.o [1]
  .bss               zero     0x2000'03f7     0x1  module.o [1]
                            - 0x2000'03f8   0x3ec

"P2", part 3 of 3:                          0x400
  CSTACK                      0x2000'03f8   0x400  <Block>
    CSTACK           uninit   0x2000'03f8   0x400  <Block tail>
                            - 0x2000'07f8   0x400

Unused ranges:

         From           To      Size
         ----           --      ----
   0x800'28cc   0x807'ffff  0x7'd734
  0x2000'07f8  0x2000'ffff    0xf808


*******************************************************************************
*** INIT TABLE
***

          Address      Size
          -------      ----
Zero (__iar_zero_init3)
    1 destination range, total size 0x3ec:
          0x2000'000c  0x3ec

Copy (__iar_copy_init3)
    1 source range, total size 0xc (133% of destination):
           0x800'27d4    0xc
    1 destination range, total size 0x9:
          0x2000'0000    0x9



*******************************************************************************
*** MODULE SUMMARY
***

    Module                  ro code  ro data  rw data
    ------                  -------  -------  -------
command line/config:
    -------------------------------------------------
    Total:

F:\buadrate\amoddule\EWARM\ccdebug\Obj: [1]
    main.o                      838       16      393
    module.o                    556               607
    startup_stm32f103xe.o       532
    stm32f1xx_hal.o             188        5        9
    stm32f1xx_hal_cortex.o      340
    stm32f1xx_hal_dma.o       1 820
    stm32f1xx_hal_gpio.o        684
    stm32f1xx_hal_msp.o         568
    stm32f1xx_hal_rcc.o       1 628       18
    stm32f1xx_hal_tim.o         656
    stm32f1xx_hal_tim_ex.o       96
    stm32f1xx_hal_uart.o      1 796
    stm32f1xx_it.o              128
    system_stm32f1xx.o           88       28        4
    -------------------------------------------------
    Total:                    9 918       67    1 013

dl7M_tlf.a: [2]
    exit.o                        4
    low_level_init.o              4
    -------------------------------------------------
    Total:                        8

rt7M_tl.a: [3]
    ABImemclr4.o                  6
    ABImemcpy.o                 134
    ABImemset48.o                50
    cexit.o                      10
    cmain.o                      30
    copy_init3.o                 44
    cstartup_M.o                 12
    data_init.o                  40
    zero_init3.o                 58
    -------------------------------------------------
    Total:                      384

shb_l.a: [4]
    exit.o                       20
    -------------------------------------------------
    Total:                       20

    Gaps                          8
    Linker created                        39    1 024
-----------------------------------------------------
    Grand Total:             10 338      106    2 037


*******************************************************************************
*** ENTRY LIST
***

Entry                       Address   Size  Type      Object
-----                       -------   ----  ----      ------
.iar.init_table$$Base    0x800'272c          --   Gb  - Linker created -
.iar.init_table$$Limit   0x800'2750          --   Gb  - Linker created -
?main                    0x800'2751         Code  Gb  cmain.o [3]
AHBPrescTable            0x800'27a8   0x10  Data  Gb  system_stm32f1xx.o [1]
APBPrescTable            0x800'27f0    0x8  Data  Gb  system_stm32f1xx.o [1]
BusFault_Handler         0x800'25ef    0x2  Code  Gb  stm32f1xx_it.o [1]
CSTACK$$Base            0x2000'03f8          --   Gb  - Linker created -
CSTACK$$Limit           0x2000'07f8          --   Gb  - Linker created -
DMA1_Channel5_IRQHandler
                         0x800'2607    0xa  Code  Gb  stm32f1xx_it.o [1]
DMA2_Channel3_IRQHandler
                         0x800'2645    0xa  Code  Gb  stm32f1xx_it.o [1]
DMA_SetConfig            0x800'0821   0x2c  Code  Lc  stm32f1xx_hal_dma.o [1]
DebugMon_Handler         0x800'25f5    0x2  Code  Gb  stm32f1xx_it.o [1]
Error_Handler            0x800'1f69    0x2  Code  Gb  main.o [1]
HAL_DMA_Abort            0x800'0257   0x36  Code  Gb  stm32f1xx_hal_dma.o [1]
HAL_DMA_Abort_IT         0x800'028d  0x1be  Code  Gb  stm32f1xx_hal_dma.o [1]
HAL_DMA_IRQHandler       0x800'0491  0x358  Code  Gb  stm32f1xx_hal_dma.o [1]
HAL_DMA_Init             0x800'0131   0x8e  Code  Gb  stm32f1xx_hal_dma.o [1]
HAL_DMA_Start_IT         0x800'01bf   0x98  Code  Gb  stm32f1xx_hal_dma.o [1]
HAL_Delay                0x800'25b5   0x28  Code  Wk  stm32f1xx_hal.o [1]
HAL_GPIO_Init            0x800'1979  0x23e  Code  Gb  stm32f1xx_hal_gpio.o [1]
HAL_GPIO_TogglePin       0x800'1bd1    0xc  Code  Gb  stm32f1xx_hal_gpio.o [1]
HAL_GPIO_WritePin        0x800'1bb7   0x1a  Code  Gb  stm32f1xx_hal_gpio.o [1]
HAL_GetTick              0x800'1f6d    0xc  Code  Wk  stm32f1xx_hal.o [1]
HAL_IncTick              0x800'2669   0x18  Code  Wk  stm32f1xx_hal.o [1]
HAL_Init                 0x800'2081   0x20  Code  Gb  stm32f1xx_hal.o [1]
HAL_InitTick             0x800'1f79   0x4c  Code  Wk  stm32f1xx_hal.o [1]
HAL_MspInit              0x800'0f49   0x42  Code  Gb  stm32f1xx_hal_msp.o [1]
HAL_NVIC_EnableIRQ       0x800'18f5    0xe  Code  Gb  stm32f1xx_hal_cortex.o [1]
HAL_NVIC_SetPriority     0x800'18cb   0x2a  Code  Gb  stm32f1xx_hal_cortex.o [1]
HAL_NVIC_SetPriorityGrouping
                         0x800'18bf    0xc  Code  Gb  stm32f1xx_hal_cortex.o [1]
HAL_RCC_ClockConfig      0x800'1549  0x190  Code  Gb  stm32f1xx_hal_rcc.o [1]
HAL_RCC_GetHCLKFreq      0x800'1749    0x6  Code  Gb  stm32f1xx_hal_rcc.o [1]
HAL_RCC_GetPCLK1Freq     0x800'174f   0x16  Code  Gb  stm32f1xx_hal_rcc.o [1]
HAL_RCC_GetPCLK2Freq     0x800'1765   0x16  Code  Gb  stm32f1xx_hal_rcc.o [1]
HAL_RCC_GetSysClockFreq
                         0x800'16d9   0x70  Code  Gb  stm32f1xx_hal_rcc.o [1]
HAL_RCC_OscConfig        0x800'1189  0x3c0  Code  Gb  stm32f1xx_hal_rcc.o [1]
HAL_SYSTICK_Callback     0x800'1c61   0x68  Code  Gb  main.o [1]
HAL_SYSTICK_Config       0x800'1903    0xc  Code  Gb  stm32f1xx_hal_cortex.o [1]
HAL_SYSTICK_IRQHandler   0x800'1931    0x8  Code  Gb  stm32f1xx_hal_cortex.o [1]
HAL_TIMEx_BreakCallback
                         0x800'25e3    0x2  Code  Wk  stm32f1xx_hal_tim_ex.o [1]
HAL_TIMEx_CommutationCallback
                         0x800'25e7    0x2  Code  Wk  stm32f1xx_hal_tim_ex.o [1]
HAL_TIMEx_MasterConfigSynchronization
                         0x800'2559   0x5a  Code  Gb  stm32f1xx_hal_tim_ex.o [1]
HAL_TIM_Base_Init        0x800'22d1   0x38  Code  Gb  stm32f1xx_hal_tim.o [1]
HAL_TIM_Base_MspInit     0x800'0f8b   0x60  Code  Gb  stm32f1xx_hal_msp.o [1]
HAL_TIM_Base_Stop_IT     0x800'2309   0x36  Code  Gb  stm32f1xx_hal_tim.o [1]
HAL_TIM_IRQHandler       0x800'233f  0x176  Code  Gb  stm32f1xx_hal_tim.o [1]
HAL_TIM_PeriodElapsedCallback
                         0x800'2149   0x2c  Code  Gb  module.o [1]
HAL_TIM_PeriodElapsedCallback::i
                        0x2000'03f7    0x1  Data  Lc  module.o [1]
HAL_UART_AbortReceive    0x800'09eb   0x50  Code  Gb  stm32f1xx_hal_uart.o [1]
HAL_UART_DMAStop         0x800'0979   0x72  Code  Gb  stm32f1xx_hal_uart.o [1]
HAL_UART_IRQHandler      0x800'0a3b  0x14a  Code  Gb  stm32f1xx_hal_uart.o [1]
HAL_UART_Init            0x800'084d   0x76  Code  Gb  stm32f1xx_hal_uart.o [1]
HAL_UART_MspInit         0x800'0feb  0x160  Code  Gb  stm32f1xx_hal_msp.o [1]
HAL_UART_Receive_DMA     0x800'08c3   0xb6  Code  Gb  stm32f1xx_hal_uart.o [1]
HardFault_Handler        0x800'25eb    0x2  Code  Gb  stm32f1xx_it.o [1]
MX_DMA_Init              0x800'1e3b   0x4a  Code  Lc  main.o [1]
MX_GPIO_Init             0x800'1e85   0xa6  Code  Lc  main.o [1]
MX_TIM6_Init             0x800'1d33   0x4e  Code  Lc  main.o [1]
MX_TIM7_Init             0x800'1d81   0x4a  Code  Lc  main.o [1]
MX_UART4_Init            0x800'1dcb   0x38  Code  Lc  main.o [1]
MX_USART1_UART_Init      0x800'1e03   0x38  Code  Lc  main.o [1]
MemManage_Handler        0x800'25ed    0x2  Code  Gb  stm32f1xx_it.o [1]
NMI_Handler              0x800'25e9    0x2  Code  Gb  stm32f1xx_it.o [1]
NVIC_EnableIRQ           0x800'180d   0x16  Code  Lc  stm32f1xx_hal_cortex.o [1]
NVIC_EncodePriority      0x800'184f   0x40  Code  Lc  stm32f1xx_hal_cortex.o [1]
NVIC_GetPriorityGrouping
                         0x800'1803    0xa  Code  Lc  stm32f1xx_hal_cortex.o [1]
NVIC_SetPriority         0x800'1823   0x2c  Code  Lc  stm32f1xx_hal_cortex.o [1]
NVIC_SetPriorityGrouping
                         0x800'17e5   0x1e  Code  Lc  stm32f1xx_hal_cortex.o [1]
PendSV_Handler           0x800'25f7    0x2  Code  Gb  stm32f1xx_it.o [1]
RCC_Delay                0x800'177b   0x26  Code  Lc  stm32f1xx_hal_rcc.o [1]
RCC_IRQHandler           0x800'2605    0x2  Code  Gb  stm32f1xx_it.o [1]
RS485_Send_Data          0x800'2211   0x4a  Code  Lc  module.o [1]
Region$$Table$$Base      0x800'272c          --   Gb  - Linker created -
Region$$Table$$Limit     0x800'2750          --   Gb  - Linker created -
SVC_Handler              0x800'25f3    0x2  Code  Gb  stm32f1xx_it.o [1]
SysTick_Config           0x800'188f   0x30  Code  Lc  stm32f1xx_hal_cortex.o [1]
SysTick_Handler          0x800'25f9    0xc  Code  Gb  stm32f1xx_it.o [1]
SystemClock_Config       0x800'1cc9   0x6a  Code  Gb  main.o [1]
SystemCoreClock         0x2000'0004    0x4  Data  Gb  system_stm32f1xx.o [1]
SystemInit               0x800'2681   0x3e  Code  Gb  system_stm32f1xx.o [1]
TIM6_IRQHandler          0x800'2631    0xa  Code  Gb  stm32f1xx_it.o [1]
TIM7_IRQHandler          0x800'263b    0xa  Code  Gb  stm32f1xx_it.o [1]
TIM_Base_SetConfig       0x800'24b5   0x90  Code  Gb  stm32f1xx_hal_tim.o [1]
UART4_IRQHandler         0x800'2623    0xe  Code  Gb  stm32f1xx_it.o [1]
UART4_RxIdleCallback     0x800'20e9   0x42  Code  Gb  module.o [1]
UART_DMAAbortOnError     0x800'0c69   0x16  Code  Lc  stm32f1xx_hal_uart.o [1]
UART_DMAError            0x800'0bd9   0x58  Code  Lc  stm32f1xx_hal_uart.o [1]
UART_DMAReceiveCplt      0x800'0b85   0x44  Code  Lc  stm32f1xx_hal_uart.o [1]
UART_DMARxHalfCplt       0x800'0bc9    0xe  Code  Lc  stm32f1xx_hal_uart.o [1]
UART_EndRxTransfer       0x800'0c45   0x20  Code  Lc  stm32f1xx_hal_uart.o [1]
UART_EndTransmit_IT      0x800'0cef   0x20  Code  Lc  stm32f1xx_hal_uart.o [1]
UART_EndTxTransfer       0x800'0c31   0x14  Code  Lc  stm32f1xx_hal_uart.o [1]
UART_Receive_IT          0x800'0d0f   0xae  Code  Lc  stm32f1xx_hal_uart.o [1]
UART_RxIdleCallback      0x800'20a5   0x44  Code  Gb  module.o [1]
UART_SetConfig           0x800'0dbd  0x184  Code  Lc  stm32f1xx_hal_uart.o [1]
UART_Transmit_IT         0x800'0c81   0x6e  Code  Lc  stm32f1xx_hal_uart.o [1]
USART1_IRQHandler        0x800'2611   0x12  Code  Gb  stm32f1xx_it.o [1]
UsageFault_Handler       0x800'25f1    0x2  Code  Gb  stm32f1xx_it.o [1]
Wifi_Time_Callback       0x800'212b   0x1e  Code  Gb  module.o [1]
__aeabi_memclr4          0x800'1939         Code  Gb  ABImemclr4.o [3]
__aeabi_memcpy4          0x800'1fc5         Code  Gb  ABImemcpy.o [3]
__aeabi_memcpy8          0x800'1fc5         Code  Gb  ABImemcpy.o [3]
__cmain                  0x800'2751         Code  Gb  cmain.o [3]
__exit                   0x800'2785   0x14  Code  Gb  exit.o [4]
__iar_Memset4_word       0x800'204d         Code  Gb  ABImemset48.o [3]
__iar_Memset8_word       0x800'204d         Code  Gb  ABImemset48.o [3]
__iar_copy_init3         0x800'26d9   0x2c  Code  Gb  copy_init3.o [3]
__iar_data_init3         0x800'2705   0x28  Code  Gb  data_init.o [3]
__iar_program_start      0x800'27c9         Code  Gb  cstartup_M.o [3]
__iar_zero_init3         0x800'193f   0x3a  Code  Gb  zero_init3.o [3]
__low_level_init         0x800'276f    0x4  Code  Gb  low_level_init.o [2]
__vector_table           0x800'0000         Data  Gb  startup_stm32f103xe.o [1]
_call_main               0x800'275d         Code  Gb  cmain.o [3]
_exit                    0x800'2779         Code  Gb  cexit.o [3]
_main                    0x800'276b         Code  Gb  cmain.o [3]
exit                     0x800'2773    0x4  Code  Gb  exit.o [2]
hdma_uart4_rx           0x2000'0264   0x44  Data  Gb  main.o [1]
hdma_usart1_rx          0x2000'02a8   0x44  Data  Gb  main.o [1]
htim6                   0x2000'02ec   0x40  Data  Gb  main.o [1]
htim7                   0x2000'032c   0x40  Data  Gb  main.o [1]
huart1                  0x2000'03ac   0x40  Data  Gb  main.o [1]
huart4                  0x2000'036c   0x40  Data  Gb  main.o [1]
init                     0x800'21dd   0x34  Code  Gb  module.o [1]
led_flag                0x2000'03f4    0x1  Data  Gb  main.o [1]
main                     0x800'1c25   0x3c  Code  Gb  main.o [1]
module_send_data         0x800'225b   0x32  Code  Lc  module.o [1]
process_cmd_tx_rx        0x800'2175   0x68  Code  Gb  module.o [1]
rs485_rec_data          0x2000'0138  0x12c  Data  Gb  module.o [1]
rs485_rec_data_num      0x2000'03f2    0x2  Data  Gb  module.o [1]
rs485_rec_flag          0x2000'03f6    0x1  Data  Gb  module.o [1]
sim_rec_data            0x2000'000c  0x12c  Data  Gb  module.o [1]
sim_rec_data_num        0x2000'03f0    0x2  Data  Gb  module.o [1]
sim_rec_flag            0x2000'03f5    0x1  Data  Gb  module.o [1]
uwTick                  0x2000'03ec    0x4  Data  Gb  stm32f1xx_hal.o [1]
uwTickFreq              0x2000'0008    0x1  Data  Gb  stm32f1xx_hal.o [1]
uwTickPrio              0x2000'0000    0x4  Data  Gb  stm32f1xx_hal.o [1]


[1] = F:\buadrate\amoddule\EWARM\ccdebug\Obj
[2] = dl7M_tlf.a
[3] = rt7M_tl.a
[4] = shb_l.a

  10 338 bytes of readonly  code memory
     106 bytes of readonly  data memory
   2 037 bytes of readwrite data memory

Errors: none
Warnings: none
